
> smart-home-client-side@0.0.0 build
> ng build

node.exe : [1m[33m[baseline-browser-mapping] The 
data in this module is over two months old.  To 
ensure accurate Baseline data, please update: `npm i 
baseline-browser-mapping@latest -D`[39m[22m
At C:\Program Files\nodejs\npm.ps1:29 char:3
+   & $NODE_EXE $NPM_CLI_JS $args
+   ~~~~~~~~~~~~~~~~~~~~~~~~~~~~~
    + CategoryInfo          : NotSpecified: ([1m[3 
   3m[basel...t -D`[39m[22m:String) [], RemoteExc  
  eption
    + FullyQualifiedErrorId : NativeCommandError
 
[33mΓ¥»[39m Building...
[32mΓ£ö[39m Building...
Application bundle generation failed. [3.682 seconds] - 2026-02-10T16:12:22.107Z

[1m[31m[31mX [41;31m[[41;97mERROR[41;31m][0m 
[1mTS2554: Expected 2 arguments, but got 1.[0m 
[1m[35m[plugin angular-compiler][0m

    src/app/features/notifications/ui/notification-li
st.component/notification-list.component.html:11:44:
[37m      11 Γöé ...t-button-toggle (click)="[32mon
FilterChange[37m('all')">All</mat-button...
         Γò╡                             
[32m~~~~~~~~~~~~~~[0m

  Error occurs in the template of component 
NotificationListComponent.

    src/app/features/notifications/ui/notification-li
st.component/notification-list.component.ts:31:15:
[37m      31 Γöé   templateUrl: 
[32m'./notification-list.component.html'[37m,
         Γò╡                
[32m~~~~~~~~~~~~~~~~~~~~~~~~~~~~~~~~~~~~[0m

[39m[22m
